// Jest Snapshot v1, https://goo.gl/fbAQLP

exports[`Home component should match snapshot 1`] = `
<View
  accessibilityIgnoresInvertColors={true}
  style={
    {
      "flexGrow": 1,
      "padding": 16,
    }
  }
>
  <Image
    source={
      {
        "testUri": "../../../src/assets/images/bg.jpg",
      }
    }
    style={
      [
        {
          "bottom": 0,
          "left": 0,
          "position": "absolute",
          "right": 0,
          "top": 0,
        },
        {
          "height": undefined,
          "width": undefined,
        },
        undefined,
      ]
    }
  />
  <View
    style={
      {
        "paddingVertical": 50,
      }
    }
  >
    <Text
      style={
        {
          "color": "#ffffff",
          "fontSize": 18,
          "fontWeight": "bold",
          "marginBottom": 8,
        }
      }
      testID="weather"
    >
      Weather
    </Text>
    <TextInput
      onChangeText={[Function]}
      placeholder="Search for a city"
      style={
        {
          "backgroundColor": "#ffffff",
          "borderRadius": 5,
          "padding": 10,
        }
      }
      testID="inputId"
      value=""
    />
  </View>
  <View
    style={
      {
        "alignItems": "center",
        "justifyContent": "center",
        "marginVertical": 25,
        "width": "100%",
      }
    }
  >
    <View
      style={
        {
          "flexDirection": "row",
          "padding": 16,
        }
      }
    >
      <Text
        style={
          {
            "color": "#ffffff",
            "fontSize": 18,
            "fontWeight": "500",
            "marginHorizontal": 8,
            "textAlign": "center",
          }
        }
      />
      <Text
        style={
          {
            "color": "#ffffff",
            "fontSize": 18,
            "fontWeight": "500",
            "marginHorizontal": 8,
            "textAlign": "center",
          }
        }
      />
    </View>
    <Image
      source={
        {
          "uri": "https:undefined",
        }
      }
      style={
        {
          "height": 100,
          "width": 100,
        }
      }
      testID="weatherImage"
    />
    <Text
      style={
        {
          "color": "#ffffff",
          "fontSize": 18,
          "fontWeight": "bold",
        }
      }
    />
  </View>
  <RCTScrollView
    getItem={[Function]}
    getItemCount={[Function]}
    keyExtractor={[Function]}
    onContentSizeChange={[Function]}
    onLayout={[Function]}
    onMomentumScrollBegin={[Function]}
    onMomentumScrollEnd={[Function]}
    onScroll={[Function]}
    onScrollBeginDrag={[Function]}
    onScrollEndDrag={[Function]}
    removeClippedSubviews={false}
    renderItem={[Function]}
    scrollEventThrottle={50}
    stickyHeaderIndices={[]}
    testID="ForecastList"
    viewabilityConfigCallbackPairs={[]}
    windowSize={5}
  >
    <View />
  </RCTScrollView>
</View>
`;
